Archive member included to satisfy reference by file (symbol)

c:/program files (x86)/atollic/truestudio for stm32 9.1.0/armtools/bin/../lib/gcc/arm-atollic-eabi/6.3.1/../../../../arm-atollic-eabi/lib/armv7e-m/fpu\libc_nano.a(lib_a-init.o)
                              startup\startup_stm32f407xx.o (__libc_init_array)
c:/program files (x86)/atollic/truestudio for stm32 9.1.0/armtools/bin/../lib/gcc/arm-atollic-eabi/6.3.1/../../../../arm-atollic-eabi/lib/armv7e-m/fpu\libc_nano.a(lib_a-malloc.o)
                              Middlewares\ST\STM32_USB_Device_Library\Class\CDC\Src\usbd_cdc.o (malloc)
c:/program files (x86)/atollic/truestudio for stm32 9.1.0/armtools/bin/../lib/gcc/arm-atollic-eabi/6.3.1/../../../../arm-atollic-eabi/lib/armv7e-m/fpu\libc_nano.a(lib_a-nano-freer.o)
                              c:/program files (x86)/atollic/truestudio for stm32 9.1.0/armtools/bin/../lib/gcc/arm-atollic-eabi/6.3.1/../../../../arm-atollic-eabi/lib/armv7e-m/fpu\libc_nano.a(lib_a-malloc.o) (_free_r)
c:/program files (x86)/atollic/truestudio for stm32 9.1.0/armtools/bin/../lib/gcc/arm-atollic-eabi/6.3.1/../../../../arm-atollic-eabi/lib/armv7e-m/fpu\libc_nano.a(lib_a-nano-mallocr.o)
                              c:/program files (x86)/atollic/truestudio for stm32 9.1.0/armtools/bin/../lib/gcc/arm-atollic-eabi/6.3.1/../../../../arm-atollic-eabi/lib/armv7e-m/fpu\libc_nano.a(lib_a-malloc.o) (_malloc_r)
c:/program files (x86)/atollic/truestudio for stm32 9.1.0/armtools/bin/../lib/gcc/arm-atollic-eabi/6.3.1/../../../../arm-atollic-eabi/lib/armv7e-m/fpu\libc_nano.a(lib_a-sbrkr.o)
                              c:/program files (x86)/atollic/truestudio for stm32 9.1.0/armtools/bin/../lib/gcc/arm-atollic-eabi/6.3.1/../../../../arm-atollic-eabi/lib/armv7e-m/fpu\libc_nano.a(lib_a-nano-mallocr.o) (_sbrk_r)
c:/program files (x86)/atollic/truestudio for stm32 9.1.0/armtools/bin/../lib/gcc/arm-atollic-eabi/6.3.1/../../../../arm-atollic-eabi/lib/armv7e-m/fpu\libc_nano.a(lib_a-impure.o)
                              c:/program files (x86)/atollic/truestudio for stm32 9.1.0/armtools/bin/../lib/gcc/arm-atollic-eabi/6.3.1/../../../../arm-atollic-eabi/lib/armv7e-m/fpu\libc_nano.a(lib_a-malloc.o) (_impure_ptr)
c:/program files (x86)/atollic/truestudio for stm32 9.1.0/armtools/bin/../lib/gcc/arm-atollic-eabi/6.3.1/../../../../arm-atollic-eabi/lib/armv7e-m/fpu\libc_nano.a(lib_a-mlock.o)
                              c:/program files (x86)/atollic/truestudio for stm32 9.1.0/armtools/bin/../lib/gcc/arm-atollic-eabi/6.3.1/../../../../arm-atollic-eabi/lib/armv7e-m/fpu\libc_nano.a(lib_a-nano-freer.o) (__malloc_lock)
c:/program files (x86)/atollic/truestudio for stm32 9.1.0/armtools/bin/../lib/gcc/arm-atollic-eabi/6.3.1/../../../../arm-atollic-eabi/lib/armv7e-m/fpu\libc_nano.a(lib_a-reent.o)
                              c:/program files (x86)/atollic/truestudio for stm32 9.1.0/armtools/bin/../lib/gcc/arm-atollic-eabi/6.3.1/../../../../arm-atollic-eabi/lib/armv7e-m/fpu\libc_nano.a(lib_a-sbrkr.o) (errno)
c:/program files (x86)/atollic/truestudio for stm32 9.1.0/armtools/bin/../lib/gcc/arm-atollic-eabi/6.3.1/armv7e-m/fpu\libgcc.a(_aeabi_uldivmod.o)
                              Drivers\STM32F4xx_HAL_Driver\Src\stm32f4xx_hal_rcc.o (__aeabi_uldivmod)
c:/program files (x86)/atollic/truestudio for stm32 9.1.0/armtools/bin/../lib/gcc/arm-atollic-eabi/6.3.1/armv7e-m/fpu\libgcc.a(_udivmoddi4.o)
                              c:/program files (x86)/atollic/truestudio for stm32 9.1.0/armtools/bin/../lib/gcc/arm-atollic-eabi/6.3.1/armv7e-m/fpu\libgcc.a(_aeabi_uldivmod.o) (__udivmoddi4)
c:/program files (x86)/atollic/truestudio for stm32 9.1.0/armtools/bin/../lib/gcc/arm-atollic-eabi/6.3.1/armv7e-m/fpu\libgcc.a(_dvmd_tls.o)
                              c:/program files (x86)/atollic/truestudio for stm32 9.1.0/armtools/bin/../lib/gcc/arm-atollic-eabi/6.3.1/armv7e-m/fpu\libgcc.a(_aeabi_uldivmod.o) (__aeabi_ldiv0)
c:/program files (x86)/atollic/truestudio for stm32 9.1.0/armtools/bin/../lib/gcc/arm-atollic-eabi/6.3.1/../../../../arm-atollic-eabi/lib/armv7e-m/fpu\libnosys.a(sbrk.o)
                              c:/program files (x86)/atollic/truestudio for stm32 9.1.0/armtools/bin/../lib/gcc/arm-atollic-eabi/6.3.1/../../../../arm-atollic-eabi/lib/armv7e-m/fpu\libc_nano.a(lib_a-sbrkr.o) (_sbrk)

Allocating common symbols
Common symbol       size              file

hUsbDeviceFS        0x224             Src\usb_device.o
errno               0x4               c:/program files (x86)/atollic/truestudio for stm32 9.1.0/armtools/bin/../lib/gcc/arm-atollic-eabi/6.3.1/../../../../arm-atollic-eabi/lib/armv7e-m/fpu\libc_nano.a(lib_a-reent.o)
hpcd_USB_OTG_FS     0x3f0             Src\usbd_conf.o
uwTick              0x4               Drivers\STM32F4xx_HAL_Driver\Src\stm32f4xx_hal.o
pFlash              0x20              Drivers\STM32F4xx_HAL_Driver\Src\stm32f4xx_hal_flash.o
UserRxBufferFS      0x800             Src\usbd_cdc_if.o
hadc1               0x48              Src\main.o
[...]
Memory Configuration

Name             Origin             Length             Attributes
RAM              0x20000000         0x00020000         xrw
CCMRAM           0x10000000         0x00010000         rw
FLASH            0x08000000         0x00100000         xr
*default*        0x00000000         0xffffffff

Linker script and memory map

LOAD c:/program files (x86)/atollic/truestudio for stm32 9.1.0/armtools/bin/../lib/gcc/arm-atollic-eabi/6.3.1/armv7e-m/fpu/crti.o
LOAD c:/program files (x86)/atollic/truestudio for stm32 9.1.0/armtools/bin/../lib/gcc/arm-atollic-eabi/6.3.1/armv7e-m/fpu/crtbegin.o
LOAD Drivers\STM32F4xx_HAL_Driver\Src\stm32f4xx_hal.o
LOAD Drivers\STM32F4xx_HAL_Driver\Src\stm32f4xx_hal_adc.o
LOAD Drivers\STM32F4xx_HAL_Driver\Src\stm32f4xx_hal_adc_ex.o
LOAD Drivers\STM32F4xx_HAL_Driver\Src\stm32f4xx_hal_cortex.o
LOAD Drivers\STM32F4xx_HAL_Driver\Src\stm32f4xx_hal_dma.o
LOAD Drivers\STM32F4xx_HAL_Driver\Src\stm32f4xx_hal_dma_ex.o
LOAD Drivers\STM32F4xx_HAL_Driver\Src\stm32f4xx_hal_flash.o
LOAD Drivers\STM32F4xx_HAL_Driver\Src\stm32f4xx_hal_flash_ex.o
LOAD Drivers\STM32F4xx_HAL_Driver\Src\stm32f4xx_hal_flash_ramfunc.o
LOAD Drivers\STM32F4xx_HAL_Driver\Src\stm32f4xx_hal_gpio.o
LOAD Drivers\STM32F4xx_HAL_Driver\Src\stm32f4xx_hal_pcd.o
LOAD Drivers\STM32F4xx_HAL_Driver\Src\stm32f4xx_hal_pcd_ex.o
LOAD Drivers\STM32F4xx_HAL_Driver\Src\stm32f4xx_hal_pwr.o
LOAD Drivers\STM32F4xx_HAL_Driver\Src\stm32f4xx_hal_pwr_ex.o
LOAD Drivers\STM32F4xx_HAL_Driver\Src\stm32f4xx_hal_rcc.o
LOAD Drivers\STM32F4xx_HAL_Driver\Src\stm32f4xx_hal_rcc_ex.o
LOAD Drivers\STM32F4xx_HAL_Driver\Src\stm32f4xx_hal_tim.o
LOAD Drivers\STM32F4xx_HAL_Driver\Src\stm32f4xx_hal_tim_ex.o
LOAD Drivers\STM32F4xx_HAL_Driver\Src\stm32f4xx_ll_usb.o
LOAD Middlewares\ST\STM32_USB_Device_Library\Class\CDC\Src\usbd_cdc.o
LOAD Middlewares\ST\STM32_USB_Device_Library\Core\Src\usbd_core.o
LOAD Middlewares\ST\STM32_USB_Device_Library\Core\Src\usbd_ctlreq.o
LOAD Middlewares\ST\STM32_USB_Device_Library\Core\Src\usbd_ioreq.o
LOAD Src\main.o
LOAD Src\stm32f4xx_hal_msp.o
LOAD Src\stm32f4xx_it.o
LOAD Src\system_stm32f4xx.o
LOAD Src\usb_device.o
LOAD Src\usbd_cdc_if.o
LOAD Src\usbd_conf.o
LOAD Src\usbd_desc.o
LOAD startup\startup_stm32f407xx.o
                0x00000080                malloc_getpagesize_P = 0x80
START GROUP
LOAD c:/program files (x86)/atollic/truestudio for stm32 9.1.0/armtools/bin/../lib/gcc/arm-atollic-eabi/6.3.1/../../../../arm-atollic-eabi/lib/armv7e-m/fpu\libc_nano.a
LOAD c:/program files (x86)/atollic/truestudio for stm32 9.1.0/armtools/bin/../lib/gcc/arm-atollic-eabi/6.3.1/../../../../arm-atollic-eabi/lib/armv7e-m/fpu\libm.a
END GROUP
START GROUP
LOAD c:/program files (x86)/atollic/truestudio for stm32 9.1.0/armtools/bin/../lib/gcc/arm-atollic-eabi/6.3.1/armv7e-m/fpu\libgcc.a
LOAD c:/program files (x86)/atollic/truestudio for stm32 9.1.0/armtools/bin/../lib/gcc/arm-atollic-eabi/6.3.1/../../../../arm-atollic-eabi/lib/armv7e-m/fpu\libc_nano.a
END GROUP
START GROUP
LOAD c:/program files (x86)/atollic/truestudio for stm32 9.1.0/armtools/bin/../lib/gcc/arm-atollic-eabi/6.3.1/armv7e-m/fpu\libgcc.a
LOAD c:/program files (x86)/atollic/truestudio for stm32 9.1.0/armtools/bin/../lib/gcc/arm-atollic-eabi/6.3.1/../../../../arm-atollic-eabi/lib/armv7e-m/fpu\libc_nano.a
LOAD c:/program files (x86)/atollic/truestudio for stm32 9.1.0/armtools/bin/../lib/gcc/arm-atollic-eabi/6.3.1/../../../../arm-atollic-eabi/lib/armv7e-m/fpu\libnosys.a
END GROUP
START GROUP
LOAD c:/program files (x86)/atollic/truestudio for stm32 9.1.0/armtools/bin/../lib/gcc/arm-atollic-eabi/6.3.1/armv7e-m/fpu\libgcc.a
LOAD c:/program files (x86)/atollic/truestudio for stm32 9.1.0/armtools/bin/../lib/gcc/arm-atollic-eabi/6.3.1/../../../../arm-atollic-eabi/lib/armv7e-m/fpu\libc_nano.a
LOAD c:/program files (x86)/atollic/truestudio for stm32 9.1.0/armtools/bin/../lib/gcc/arm-atollic-eabi/6.3.1/../../../../arm-atollic-eabi/lib/armv7e-m/fpu\libnosys.a
END GROUP
LOAD c:/program files (x86)/atollic/truestudio for stm32 9.1.0/armtools/bin/../lib/gcc/arm-atollic-eabi/6.3.1/armv7e-m/fpu/crtend.o
LOAD c:/program files (x86)/atollic/truestudio for stm32 9.1.0/armtools/bin/../lib/gcc/arm-atollic-eabi/6.3.1/armv7e-m/fpu/crtn.o
                0x20020000                _estack = 0x20020000
                0x00000200                _Min_Heap_Size = 0x200
                0x00000400                _Min_Stack_Size = 0x400

.isr_vector     0x08000000      0x188
                0x08000000                . = ALIGN (0x4)
 *(.isr_vector)
 .isr_vector    0x08000000      0x188 startup\startup_stm32f407xx.o
                0x08000000                g_pfnVectors
                0x08000188                . = ALIGN (0x4)

.text           0x08000188     0x31dc
                0x08000188                . = ALIGN (0x4)
 *(.text)
 .text          0x08000188       0x40 c:/program files (x86)/atollic/truestudio for stm32 9.1.0/armtools/bin/../lib/gcc/arm-atollic-eabi/6.3.1/armv7e-m/fpu/crtbegin.o
 .text          0x080001c8       0x30 c:/program files (x86)/atollic/truestudio for stm32 9.1.0/armtools/bin/../lib/gcc/arm-atollic-eabi/6.3.1/armv7e-m/fpu\libgcc.a(_aeabi_uldivmod.o)
                0x080001c8                __aeabi_uldivmod
 .text          0x080001f8      0x2dc c:/program files (x86)/atollic/truestudio for stm32 9.1.0/armtools/bin/../lib/gcc/arm-atollic-eabi/6.3.1/armv7e-m/fpu\libgcc.a(_udivmoddi4.o)
                0x080001f8                __udivmoddi4
 .text          0x080004d4        0x4 c:/program files (x86)/atollic/truestudio for stm32 9.1.0/armtools/bin/../lib/gcc/arm-atollic-eabi/6.3.1/armv7e-m/fpu\libgcc.a(_dvmd_tls.o)
                0x080004d4                __aeabi_idiv0
                0x080004d4                __aeabi_ldiv0
 *(.text*)
 .text.HAL_InitTick
                0x080004d8       0x28 Drivers\STM32F4xx_HAL_Driver\Src\stm32f4xx_hal.o
                0x080004d8                HAL_InitTick
 .text.HAL_Init
                0x08000500       0x34 Drivers\STM32F4xx_HAL_Driver\Src\stm32f4xx_hal.o
                0x08000500                HAL_Init
 .text.HAL_IncTick
                0x08000534       0x10 Drivers\STM32F4xx_HAL_Driver\Src\stm32f4xx_hal.o
                0x08000534                HAL_IncTick
 .text.HAL_GetTick
                0x08000544        0xc Drivers\STM32F4xx_HAL_Driver\Src\stm32f4xx_hal.o
                0x08000544                HAL_GetTick
 .text.HAL_Delay
                0x08000550       0x20 Drivers\STM32F4xx_HAL_Driver\Src\stm32f4xx_hal.o
                0x08000550                HAL_Delay
 .text.HAL_ADC_Init
                0x08000570      0x148 Drivers\STM32F4xx_HAL_Driver\Src\stm32f4xx_hal_adc.o
                0x08000570                HAL_ADC_Init
 .text.HAL_ADC_Start
                0x080006b8       0xc0 Drivers\STM32F4xx_HAL_Driver\Src\stm32f4xx_hal_adc.o
                0x080006b8                HAL_ADC_Start
 .text.HAL_ADC_Stop
                0x08000778       0x3c Drivers\STM32F4xx_HAL_Driver\Src\stm32f4xx_hal_adc.o
                0x08000778                HAL_ADC_Stop
 .text.HAL_ADC_PollForConversion
                0x080007b4       0xa0 Drivers\STM32F4xx_HAL_Driver\Src\stm32f4xx_hal_adc.o
                0x080007b4                HAL_ADC_PollForConversion
 .text.HAL_ADC_GetValue
                0x08000854        0x6 Drivers\STM32F4xx_HAL_Driver\Src\stm32f4xx_hal_adc.o
                0x08000854                HAL_ADC_GetValue
 *fill*         0x0800085a        0x2 
 .text.HAL_ADC_ConfigChannel
                0x0800085c      0x12c Drivers\STM32F4xx_HAL_Driver\Src\stm32f4xx_hal_adc.o
                0x0800085c                HAL_ADC_ConfigChannel
 .text.HAL_NVIC_SetPriorityGrouping
                0x08000988       0x24 Drivers\STM32F4xx_HAL_Driver\Src\stm32f4xx_hal_cortex.o
                0x08000988                HAL_NVIC_SetPriorityGrouping
 .text.HAL_NVIC_SetPriority
                0x080009ac       0x68 Drivers\STM32F4xx_HAL_Driver\Src\stm32f4xx_hal_cortex.o
                0x080009ac                HAL_NVIC_SetPriority
 .text.HAL_NVIC_EnableIRQ
                0x08000a14       0x18 Drivers\STM32F4xx_HAL_Driver\Src\stm32f4xx_hal_cortex.o
                0x08000a14                HAL_NVIC_EnableIRQ
 .text.HAL_SYSTICK_Config
                0x08000a2c       0x2c Drivers\STM32F4xx_HAL_Driver\Src\stm32f4xx_hal_cortex.o
                0x08000a2c                HAL_SYSTICK_Config
 .text.HAL_SYSTICK_CLKSourceConfig
                0x08000a58       0x18 Drivers\STM32F4xx_HAL_Driver\Src\stm32f4xx_hal_cortex.o
                0x08000a58                HAL_SYSTICK_CLKSourceConfig
 .text.HAL_SYSTICK_Callback
                0x08000a70        0x2 Drivers\STM32F4xx_HAL_Driver\Src\stm32f4xx_hal_cortex.o
                0x08000a70                HAL_SYSTICK_Callback
 .text.HAL_SYSTICK_IRQHandler
                0x08000a72        0x8 Drivers\STM32F4xx_HAL_Driver\Src\stm32f4xx_hal_cortex.o
                0x08000a72                HAL_SYSTICK_IRQHandler
 *fill*         0x08000a7a        0x2 
 .text.HAL_GPIO_Init
                0x08000a7c      0x1c0 Drivers\STM32F4xx_HAL_Driver\Src\stm32f4xx_hal_gpio.o
                0x08000a7c                HAL_GPIO_Init
 .text.HAL_GPIO_WritePin
                0x08000c3c        0xa Drivers\STM32F4xx_HAL_Driver\Src\stm32f4xx_hal_gpio.o
                0x08000c3c                HAL_GPIO_WritePin
 .text.HAL_PCD_Init
                0x08000c46       0xd8 Drivers\STM32F4xx_HAL_Driver\Src\stm32f4xx_hal_pcd.o
                0x08000c46                HAL_PCD_Init
 .text.HAL_PCD_Start
                0x08000d1e       0x2a Drivers\STM32F4xx_HAL_Driver\Src\stm32f4xx_hal_pcd.o
                0x08000d1e                HAL_PCD_Start
 .text.HAL_PCD_IRQHandler
                0x08000d48      0x558 Drivers\STM32F4xx_HAL_Driver\Src\stm32f4xx_hal_pcd.o
                0x08000d48                HAL_PCD_IRQHandler
 .text.HAL_PCD_SetAddress
                0x080012a0       0x24 Drivers\STM32F4xx_HAL_Driver\Src\stm32f4xx_hal_pcd.o
                0x080012a0                HAL_PCD_SetAddress
 .text.HAL_PCD_EP_Open
                0x080012c4       0x5c Drivers\STM32F4xx_HAL_Driver\Src\stm32f4xx_hal_pcd.o
                0x080012c4                HAL_PCD_EP_Open
 .text.HAL_PCD_EP_Close
                0x08001320       0x46 Drivers\STM32F4xx_HAL_Driver\Src\stm32f4xx_hal_pcd.o
                0x08001320                HAL_PCD_EP_Close
 .text.HAL_PCD_EP_Receive
                0x08001366       0x48 Drivers\STM32F4xx_HAL_Driver\Src\stm32f4xx_hal_pcd.o
                0x08001366                HAL_PCD_EP_Receive
 .text.HAL_PCD_EP_GetRxCount
                0x080013ae       0x10 Drivers\STM32F4xx_HAL_Driver\Src\stm32f4xx_hal_pcd.o
                0x080013ae                HAL_PCD_EP_GetRxCount
 .text.HAL_PCD_EP_Transmit
                0x080013be       0x40 Drivers\STM32F4xx_HAL_Driver\Src\stm32f4xx_hal_pcd.o
                0x080013be                HAL_PCD_EP_Transmit
 .text.HAL_PCD_EP_SetStall
                0x080013fe       0x58 Drivers\STM32F4xx_HAL_Driver\Src\stm32f4xx_hal_pcd.o
                0x080013fe                HAL_PCD_EP_SetStall
 .text.HAL_PCD_EP_ClrStall
                0x08001456       0x4a Drivers\STM32F4xx_HAL_Driver\Src\stm32f4xx_hal_pcd.o
                0x08001456                HAL_PCD_EP_ClrStall
 .text.HAL_PCDEx_SetTxFiFo
                0x080014a0       0x42 Drivers\STM32F4xx_HAL_Driver\Src\stm32f4xx_hal_pcd_ex.o
                0x080014a0                HAL_PCDEx_SetTxFiFo
 .text.HAL_PCDEx_SetRxFiFo
                0x080014e2        0x8 Drivers\STM32F4xx_HAL_Driver\Src\stm32f4xx_hal_pcd_ex.o
                0x080014e2                HAL_PCDEx_SetRxFiFo
 *fill*         0x080014ea        0x2 
 .text.HAL_RCC_OscConfig
                0x080014ec      0x2ec Drivers\STM32F4xx_HAL_Driver\Src\stm32f4xx_hal_rcc.o
                0x080014ec                HAL_RCC_OscConfig
 .text.HAL_RCC_GetSysClockFreq
                0x080017d8       0x5c Drivers\STM32F4xx_HAL_Driver\Src\stm32f4xx_hal_rcc.o
                0x080017d8                HAL_RCC_GetSysClockFreq
 .text.HAL_RCC_ClockConfig
                0x08001834      0x134 Drivers\STM32F4xx_HAL_Driver\Src\stm32f4xx_hal_rcc.o
                0x08001834                HAL_RCC_ClockConfig
 .text.HAL_RCC_GetHCLKFreq
                0x08001968        0xc Drivers\STM32F4xx_HAL_Driver\Src\stm32f4xx_hal_rcc.o
                0x08001968                HAL_RCC_GetHCLKFreq
 .text.USB_CoreInit
                0x08001974       0x74 Drivers\STM32F4xx_HAL_Driver\Src\stm32f4xx_ll_usb.o
                0x08001974                USB_CoreInit
 .text.USB_EnableGlobalInt
                0x080019e8        0xc Drivers\STM32F4xx_HAL_Driver\Src\stm32f4xx_ll_usb.o
                0x080019e8                USB_EnableGlobalInt
 .text.USB_DisableGlobalInt
                0x080019f4        0xc Drivers\STM32F4xx_HAL_Driver\Src\stm32f4xx_ll_usb.o
                0x080019f4                USB_DisableGlobalInt
 .text.USB_SetCurrentMode
                0x08001a00       0x2e Drivers\STM32F4xx_HAL_Driver\Src\stm32f4xx_ll_usb.o
                0x08001a00                USB_SetCurrentMode
 *fill*         0x08001a2e        0x2 
 .text.USB_DevInit
                0x08001a30      0x138 Drivers\STM32F4xx_HAL_Driver\Src\stm32f4xx_ll_usb.o
                0x08001a30                USB_DevInit
 .text.USB_FlushTxFifo
                0x08001b68       0x24 Drivers\STM32F4xx_HAL_Driver\Src\stm32f4xx_ll_usb.o
                0x08001b68                USB_FlushTxFifo
 .text.USB_FlushRxFifo
                0x08001b8c       0x20 Drivers\STM32F4xx_HAL_Driver\Src\stm32f4xx_ll_usb.o
                0x08001b8c                USB_FlushRxFifo
 .text.USB_SetDevSpeed
                0x08001bac        0xe Drivers\STM32F4xx_HAL_Driver\Src\stm32f4xx_ll_usb.o
                0x08001bac                USB_SetDevSpeed
 .text.USB_GetDevSpeed
                0x08001bba       0x36 Drivers\STM32F4xx_HAL_Driver\Src\stm32f4xx_ll_usb.o
                0x08001bba                USB_GetDevSpeed
 .text.USB_ActivateEndpoint
                0x08001bf0       0x7e Drivers\STM32F4xx_HAL_Driver\Src\stm32f4xx_ll_usb.o
                0x08001bf0                USB_ActivateEndpoint
 .text.USB_DeactivateEndpoint
                0x08001c6e        0x4 Drivers\STM32F4xx_HAL_Driver\Src\stm32f4xx_ll_usb.o
                0x08001c6e                USB_DeactivateEndpoint
 *fill*         0x08001c72        0x2 
 .text.USB_DeactivateDedicatedEndpoint
                0x08001c74       0xb0 Drivers\STM32F4xx_HAL_Driver\Src\stm32f4xx_ll_usb.o
                0x08001c74                USB_DeactivateDedicatedEndpoint
 .text.USB_EPStartXfer
                0x08001d24      0x18c Drivers\STM32F4xx_HAL_Driver\Src\stm32f4xx_ll_usb.o
                0x08001d24                USB_EPStartXfer
 .text.USB_EP0StartXfer
                0x08001eb0       0xda Drivers\STM32F4xx_HAL_Driver\Src\stm32f4xx_ll_usb.o
                0x08001eb0                USB_EP0StartXfer
 .text.USB_WritePacket
                0x08001f8a       0x28 Drivers\STM32F4xx_HAL_Driver\Src\stm32f4xx_ll_usb.o
                0x08001f8a                USB_WritePacket
 .text.USB_ReadPacket
                0x08001fb2       0x1c Drivers\STM32F4xx_HAL_Driver\Src\stm32f4xx_ll_usb.o
                0x08001fb2                USB_ReadPacket
 .text.USB_EPSetStall
                0x08001fce       0x3e Drivers\STM32F4xx_HAL_Driver\Src\stm32f4xx_ll_usb.o
                0x08001fce                USB_EPSetStall
 .text.USB_EPClearStall
                0x0800200c       0x32 Drivers\STM32F4xx_HAL_Driver\Src\stm32f4xx_ll_usb.o
                0x0800200c                USB_EPClearStall
 .text.USB_SetDevAddress
                0x0800203e       0x20 Drivers\STM32F4xx_HAL_Driver\Src\stm32f4xx_ll_usb.o
                0x0800203e                USB_SetDevAddress
 .text.USB_DevConnect
                0x0800205e       0x18 Drivers\STM32F4xx_HAL_Driver\Src\stm32f4xx_ll_usb.o
                0x0800205e                USB_DevConnect
 .text.USB_DevDisconnect
                0x08002076       0x18 Drivers\STM32F4xx_HAL_Driver\Src\stm32f4xx_ll_usb.o
                0x08002076                USB_DevDisconnect
 .text.USB_ReadInterrupts
                0x0800208e        0x8 Drivers\STM32F4xx_HAL_Driver\Src\stm32f4xx_ll_usb.o
                0x0800208e                USB_ReadInterrupts
 .text.USB_ReadDevAllOutEpInterrupt
                0x08002096       0x10 Drivers\STM32F4xx_HAL_Driver\Src\stm32f4xx_ll_usb.o
                0x08002096                USB_ReadDevAllOutEpInterrupt
 .text.USB_ReadDevAllInEpInterrupt
                0x080020a6       0x10 Drivers\STM32F4xx_HAL_Driver\Src\stm32f4xx_ll_usb.o
                0x080020a6                USB_ReadDevAllInEpInterrupt
 .text.USB_ReadDevOutEPInterrupt
                0x080020b6       0x14 Drivers\STM32F4xx_HAL_Driver\Src\stm32f4xx_ll_usb.o
                0x080020b6                USB_ReadDevOutEPInterrupt
 .text.USB_ReadDevInEPInterrupt
                0x080020ca       0x20 Drivers\STM32F4xx_HAL_Driver\Src\stm32f4xx_ll_usb.o
                0x080020ca                USB_ReadDevInEPInterrupt
 .text.USB_GetMode
                0x080020ea        0x8 Drivers\STM32F4xx_HAL_Driver\Src\stm32f4xx_ll_usb.o
                0x080020ea                USB_GetMode
 .text.USB_ActivateSetup
                0x080020f2       0x36 Drivers\STM32F4xx_HAL_Driver\Src\stm32f4xx_ll_usb.o
                0x080020f2                USB_ActivateSetup
 .text.USB_EP0_OutStart
                0x08002128       0x46 Drivers\STM32F4xx_HAL_Driver\Src\stm32f4xx_ll_usb.o
                0x08002128                USB_EP0_OutStart
 *fill*         0x0800216e        0x2 
 .text.USB_CoreReset
                0x08002170       0x30 Drivers\STM32F4xx_HAL_Driver\Src\stm32f4xx_ll_usb.o
 .text.USBD_CDC_DataIn
                0x080021a0       0x12 Middlewares\ST\STM32_USB_Device_Library\Class\CDC\Src\usbd_cdc.o
 .text.USBD_CDC_EP0_RxReady
                0x080021b2       0x28 Middlewares\ST\STM32_USB_Device_Library\Class\CDC\Src\usbd_cdc.o
 *fill*         0x080021da        0x2 
 .text.USBD_CDC_GetFSCfgDesc
                0x080021dc        0xc Middlewares\ST\STM32_USB_Device_Library\Class\CDC\Src\usbd_cdc.o
 .text.USBD_CDC_GetHSCfgDesc
                0x080021e8        0xc Middlewares\ST\STM32_USB_Device_Library\Class\CDC\Src\usbd_cdc.o
 .text.USBD_CDC_GetOtherSpeedCfgDesc
                0x080021f4        0xc Middlewares\ST\STM32_USB_Device_Library\Class\CDC\Src\usbd_cdc.o
 .text.USBD_CDC_GetDeviceQualifierDescriptor
                0x08002200        0xc Middlewares\ST\STM32_USB_Device_Library\Class\CDC\Src\usbd_cdc.o
                0x08002200                USBD_CDC_GetDeviceQualifierDescriptor
 .text.USBD_CDC_DataOut
                0x0800220c       0x2e Middlewares\ST\STM32_USB_Device_Library\Class\CDC\Src\usbd_cdc.o
 *fill*         0x0800223a        0x2 
 .text.USBD_CDC_Setup
                0x0800223c       0x68 Middlewares\ST\STM32_USB_Device_Library\Class\CDC\Src\usbd_cdc.o
 .text.USBD_CDC_DeInit
                0x080022a4       0x3a Middlewares\ST\STM32_USB_Device_Library\Class\CDC\Src\usbd_cdc.o
 .text.USBD_CDC_Init
                0x080022de       0x8c Middlewares\ST\STM32_USB_Device_Library\Class\CDC\Src\usbd_cdc.o
 .text.USBD_CDC_RegisterInterface
                0x0800236a        0xe Middlewares\ST\STM32_USB_Device_Library\Class\CDC\Src\usbd_cdc.o
                0x0800236a                USBD_CDC_RegisterInterface
 .text.USBD_CDC_SetTxBuffer
                0x08002378       0x10 Middlewares\ST\STM32_USB_Device_Library\Class\CDC\Src\usbd_cdc.o
                0x08002378                USBD_CDC_SetTxBuffer
 .text.USBD_CDC_SetRxBuffer
                0x08002388        0xc Middlewares\ST\STM32_USB_Device_Library\Class\CDC\Src\usbd_cdc.o
                0x08002388                USBD_CDC_SetRxBuffer
 .text.USBD_CDC_TransmitPacket
                0x08002394       0x2e Middlewares\ST\STM32_USB_Device_Library\Class\CDC\Src\usbd_cdc.o
                0x08002394                USBD_CDC_TransmitPacket
 .text.USBD_CDC_ReceivePacket
                0x080023c2       0x26 Middlewares\ST\STM32_USB_Device_Library\Class\CDC\Src\usbd_cdc.o
                0x080023c2                USBD_CDC_ReceivePacket
 .text.USBD_Init
                0x080023e8       0x2a Middlewares\ST\STM32_USB_Device_Library\Core\Src\usbd_core.o
                0x080023e8                USBD_Init
 .text.USBD_RegisterClass
                0x08002412        0xe Middlewares\ST\STM32_USB_Device_Library\Core\Src\usbd_core.o
                0x08002412                USBD_RegisterClass
 .text.USBD_Start
                0x08002420        0xa Middlewares\ST\STM32_USB_Device_Library\Core\Src\usbd_core.o
                0x08002420                USBD_Start
 .text.USBD_SetClassConfig
                0x0800242a       0x16 Middlewares\ST\STM32_USB_Device_Library\Core\Src\usbd_core.o
                0x0800242a                USBD_SetClassConfig
 .text.USBD_ClrClassConfig
                0x08002440        0xe Middlewares\ST\STM32_USB_Device_Library\Core\Src\usbd_core.o
                0x08002440                USBD_ClrClassConfig
 .text.USBD_LL_SetupStage
                0x0800244e       0x5a Middlewares\ST\STM32_USB_Device_Library\Core\Src\usbd_core.o
                0x0800244e                USBD_LL_SetupStage
 .text.USBD_LL_DataOutStage
                0x080024a8       0x64 Middlewares\ST\STM32_USB_Device_Library\Core\Src\usbd_core.o
                0x080024a8                USBD_LL_DataOutStage
 .text.USBD_LL_DataInStage
                0x0800250c       0x9e Middlewares\ST\STM32_USB_Device_Library\Core\Src\usbd_core.o
                0x0800250c                USBD_LL_DataInStage
 .text.USBD_LL_Reset
                0x080025aa       0x3e Middlewares\ST\STM32_USB_Device_Library\Core\Src\usbd_core.o
                0x080025aa                USBD_LL_Reset
 .text.USBD_LL_SetSpeed
                0x080025e8        0x6 Middlewares\ST\STM32_USB_Device_Library\Core\Src\usbd_core.o
                0x080025e8                USBD_LL_SetSpeed
 .text.USBD_LL_Suspend
                0x080025ee       0x12 Middlewares\ST\STM32_USB_Device_Library\Core\Src\usbd_core.o
                0x080025ee                USBD_LL_Suspend
 .text.USBD_LL_Resume
                0x08002600        0xc Middlewares\ST\STM32_USB_Device_Library\Core\Src\usbd_core.o
                0x08002600                USBD_LL_Resume
 .text.USBD_LL_SOF
                0x0800260c       0x18 Middlewares\ST\STM32_USB_Device_Library\Core\Src\usbd_core.o
                0x0800260c                USBD_LL_SOF
 .text.USBD_LL_IsoINIncomplete
                0x08002624        0x4 Middlewares\ST\STM32_USB_Device_Library\Core\Src\usbd_core.o
                0x08002624                USBD_LL_IsoINIncomplete
 .text.USBD_LL_IsoOUTIncomplete
                0x08002628        0x4 Middlewares\ST\STM32_USB_Device_Library\Core\Src\usbd_core.o
                0x08002628                USBD_LL_IsoOUTIncomplete
 .text.USBD_LL_DevConnected
                0x0800262c        0x4 Middlewares\ST\STM32_USB_Device_Library\Core\Src\usbd_core.o
                0x0800262c                USBD_LL_DevConnected
 .text.USBD_LL_DevDisconnected
                0x08002630       0x16 Middlewares\ST\STM32_USB_Device_Library\Core\Src\usbd_core.o
                0x08002630                USBD_LL_DevDisconnected
 .text.USBD_CtlError.constprop.0
                0x08002646       0x16 Middlewares\ST\STM32_USB_Device_Library\Core\Src\usbd_ctlreq.o
 .text.USBD_StdDevReq
                0x0800265c      0x1f4 Middlewares\ST\STM32_USB_Device_Library\Core\Src\usbd_ctlreq.o
                0x0800265c                USBD_StdDevReq
 .text.USBD_StdItfReq
                0x08002850       0x30 Middlewares\ST\STM32_USB_Device_Library\Core\Src\usbd_ctlreq.o
                0x08002850                USBD_StdItfReq
 .text.USBD_StdEPReq
                0x08002880       0xc6 Middlewares\ST\STM32_USB_Device_Library\Core\Src\usbd_ctlreq.o
                0x08002880                USBD_StdEPReq
 .text.USBD_ParseSetupRequest
                0x08002946       0x28 Middlewares\ST\STM32_USB_Device_Library\Core\Src\usbd_ctlreq.o
                0x08002946                USBD_ParseSetupRequest
 .text.USBD_GetString
                0x0800296e       0x38 Middlewares\ST\STM32_USB_Device_Library\Core\Src\usbd_ctlreq.o
                0x0800296e                USBD_GetString
 .text.USBD_CtlSendData
                0x080029a6       0x1a Middlewares\ST\STM32_USB_Device_Library\Core\Src\usbd_ioreq.o
                0x080029a6                USBD_CtlSendData
 .text.USBD_CtlContinueSendData
                0x080029c0       0x10 Middlewares\ST\STM32_USB_Device_Library\Core\Src\usbd_ioreq.o
                0x080029c0                USBD_CtlContinueSendData
 .text.USBD_CtlPrepareRx
                0x080029d0       0x1e Middlewares\ST\STM32_USB_Device_Library\Core\Src\usbd_ioreq.o
                0x080029d0                USBD_CtlPrepareRx
 .text.USBD_CtlContinueRx
                0x080029ee       0x10 Middlewares\ST\STM32_USB_Device_Library\Core\Src\usbd_ioreq.o
                0x080029ee                USBD_CtlContinueRx
 .text.USBD_CtlSendStatus
                0x080029fe       0x16 Middlewares\ST\STM32_USB_Device_Library\Core\Src\usbd_ioreq.o
                0x080029fe                USBD_CtlSendStatus
 .text.USBD_CtlReceiveStatus
                0x08002a14       0x16 Middlewares\ST\STM32_USB_Device_Library\Core\Src\usbd_ioreq.o
                0x08002a14                USBD_CtlReceiveStatus
 *fill*         0x08002a2a        0x2 
 .text.SystemClock_Config
                0x08002a2c       0xac Src\main.o
                0x08002a2c                SystemClock_Config
 .text.startup.main
                0x08002ad8       0xf4 Src\main.o
                0x08002ad8                main
 .text._Error_Handler
                0x08002bcc        0x2 Src\main.o
                0x08002bcc                _Error_Handler
 .text.HAL_MspInit
                0x08002bce       0x60 Src\stm32f4xx_hal_msp.o
                0x08002bce                HAL_MspInit
 *fill*         0x08002c2e        0x2 
 .text.HAL_ADC_MspInit
                0x08002c30       0x44 Src\stm32f4xx_hal_msp.o
                0x08002c30                HAL_ADC_MspInit
 .text.NMI_Handler
                0x08002c74        0x2 Src\stm32f4xx_it.o
                0x08002c74                NMI_Handler
 .text.HardFault_Handler
                0x08002c76        0x2 Src\stm32f4xx_it.o
                0x08002c76                HardFault_Handler
 .text.MemManage_Handler
                0x08002c78        0x2 Src\stm32f4xx_it.o
                0x08002c78                MemManage_Handler
 .text.BusFault_Handler
                0x08002c7a        0x2 Src\stm32f4xx_it.o
                0x08002c7a                BusFault_Handler
 .text.UsageFault_Handler
                0x08002c7c        0x2 Src\stm32f4xx_it.o
                0x08002c7c                UsageFault_Handler
 .text.SVC_Handler
                0x08002c7e        0x2 Src\stm32f4xx_it.o
                0x08002c7e                SVC_Handler
 .text.DebugMon_Handler
                0x08002c80        0x2 Src\stm32f4xx_it.o
                0x08002c80                DebugMon_Handler
 .text.PendSV_Handler
                0x08002c82        0x2 Src\stm32f4xx_it.o
                0x08002c82                PendSV_Handler
 .text.SysTick_Handler
                0x08002c84        0xe Src\stm32f4xx_it.o
                0x08002c84                SysTick_Handler
 *fill*         0x08002c92        0x2 
 .text.OTG_FS_IRQHandler
                0x08002c94        0xc Src\stm32f4xx_it.o
                0x08002c94                OTG_FS_IRQHandler
 .text.SystemInit
                0x08002ca0       0x4c Src\system_stm32f4xx.o
                0x08002ca0                SystemInit
 .text.MX_USB_DEVICE_Init
                0x08002cec       0x38 Src\usb_device.o
                0x08002cec                MX_USB_DEVICE_Init
 .text.CDC_DeInit_FS
                0x08002d24        0x4 Src\usbd_cdc_if.o
 .text.CDC_Control_FS
                0x08002d28        0x4 Src\usbd_cdc_if.o
 .text.CDC_Init_FS
                0x08002d2c       0x28 Src\usbd_cdc_if.o
 .text.CDC_Transmit_FS
                0x08002d54       0x2c Src\usbd_cdc_if.o
                0x08002d54                CDC_Transmit_FS
 .text.CDC_Receive_FS
                0x08002d80       0x28 Src\usbd_cdc_if.o
 .text.HAL_PCD_MspInit
                0x08002da8       0x78 Src\usbd_conf.o
                0x08002da8                HAL_PCD_MspInit
 .text.HAL_PCD_SetupStageCallback
                0x08002e20        0xc Src\usbd_conf.o
                0x08002e20                HAL_PCD_SetupStageCallback
 .text.HAL_PCD_DataOutStageCallback
                0x08002e2c       0x12 Src\usbd_conf.o
                0x08002e2c                HAL_PCD_DataOutStageCallback
 .text.HAL_PCD_DataInStageCallback
                0x08002e3e       0x10 Src\usbd_conf.o
                0x08002e3e                HAL_PCD_DataInStageCallback
 .text.HAL_PCD_SOFCallback
                0x08002e4e        0x8 Src\usbd_conf.o
                0x08002e4e                HAL_PCD_SOFCallback
 .text.HAL_PCD_ResetCallback
                0x08002e56       0x20 Src\usbd_conf.o
                0x08002e56                HAL_PCD_ResetCallback
 *fill*         0x08002e76        0x2 
 .text.HAL_PCD_SuspendCallback
                0x08002e78       0x30 Src\usbd_conf.o
                0x08002e78                HAL_PCD_SuspendCallback
 .text.HAL_PCD_ResumeCallback
                0x08002ea8        0x8 Src\usbd_conf.o
                0x08002ea8                HAL_PCD_ResumeCallback
 .text.HAL_PCD_ISOOUTIncompleteCallback
                0x08002eb0        0x8 Src\usbd_conf.o
                0x08002eb0                HAL_PCD_ISOOUTIncompleteCallback
 .text.HAL_PCD_ISOINIncompleteCallback
                0x08002eb8        0x8 Src\usbd_conf.o
                0x08002eb8                HAL_PCD_ISOINIncompleteCallback
 .text.HAL_PCD_ConnectCallback
                0x08002ec0        0x8 Src\usbd_conf.o
                0x08002ec0                HAL_PCD_ConnectCallback
 .text.HAL_PCD_DisconnectCallback
                0x08002ec8        0x8 Src\usbd_conf.o
                0x08002ec8                HAL_PCD_DisconnectCallback
 .text.USBD_LL_Init
                0x08002ed0       0x6c Src\usbd_conf.o
                0x08002ed0                USBD_LL_Init
 .text.USBD_LL_Start
                0x08002f3c       0x1c Src\usbd_conf.o
                0x08002f3c                USBD_LL_Start
 .text.USBD_LL_OpenEP
                0x08002f58       0x20 Src\usbd_conf.o
                0x08002f58                USBD_LL_OpenEP
 .text.USBD_LL_CloseEP
                0x08002f78       0x1c Src\usbd_conf.o
                0x08002f78                USBD_LL_CloseEP
 .text.USBD_LL_StallEP
                0x08002f94       0x1c Src\usbd_conf.o
                0x08002f94                USBD_LL_StallEP
 .text.USBD_LL_ClearStallEP
                0x08002fb0       0x1c Src\usbd_conf.o
                0x08002fb0                USBD_LL_ClearStallEP
 .text.USBD_LL_IsStallEP
                0x08002fcc       0x26 Src\usbd_conf.o
                0x08002fcc                USBD_LL_IsStallEP
 *fill*         0x08002ff2        0x2 
 .text.USBD_LL_SetUSBAddress
                0x08002ff4       0x1c Src\usbd_conf.o
                0x08002ff4                USBD_LL_SetUSBAddress
 .text.USBD_LL_Transmit
                0x08003010       0x1c Src\usbd_conf.o
                0x08003010                USBD_LL_Transmit
 .text.USBD_LL_PrepareReceive
                0x0800302c       0x1c Src\usbd_conf.o
                0x0800302c                USBD_LL_PrepareReceive
 .text.USBD_LL_GetRxDataSize
                0x08003048        0xc Src\usbd_conf.o
                0x08003048                USBD_LL_GetRxDataSize
 .text.USBD_FS_DeviceDescriptor
                0x08003054        0xc Src\usbd_desc.o
                0x08003054                USBD_FS_DeviceDescriptor
 .text.USBD_FS_LangIDStrDescriptor
                0x08003060        0xc Src\usbd_desc.o
                0x08003060                USBD_FS_LangIDStrDescriptor
 .text.USBD_FS_ManufacturerStrDescriptor
                0x0800306c       0x1c Src\usbd_desc.o
                0x0800306c                USBD_FS_ManufacturerStrDescriptor
 .text.USBD_FS_ProductStrDescriptor
                0x08003088       0x1c Src\usbd_desc.o
                0x08003088                USBD_FS_ProductStrDescriptor
 .text.USBD_FS_SerialStrDescriptor
                0x080030a4       0x1c Src\usbd_desc.o
                0x080030a4                USBD_FS_SerialStrDescriptor
 .text.USBD_FS_ConfigStrDescriptor
                0x080030c0       0x1c Src\usbd_desc.o
                0x080030c0                USBD_FS_ConfigStrDescriptor
 .text.USBD_FS_InterfaceStrDescriptor
                0x080030dc       0x1c Src\usbd_desc.o
                0x080030dc                USBD_FS_InterfaceStrDescriptor
 .text.Reset_Handler
                0x080030f8       0x50 startup\startup_stm32f407xx.o
                0x080030f8                Reset_Handler
 .text.Default_Handler
                0x08003148        0x2 startup\startup_stm32f407xx.o
                0x08003148                RTC_Alarm_IRQHandler
                0x08003148                HASH_RNG_IRQHandler
                0x08003148                EXTI2_IRQHandler
                0x08003148                TIM8_CC_IRQHandler
                0x08003148                TIM1_CC_IRQHandler
                0x08003148                DMA2_Stream5_IRQHandler
                0x08003148                DMA1_Stream5_IRQHandler
                0x08003148                PVD_IRQHandler
                0x08003148                SDIO_IRQHandler
                0x08003148                TAMP_STAMP_IRQHandler
                0x08003148                CAN2_RX1_IRQHandler
                0x08003148                EXTI3_IRQHandler
                0x08003148                TIM8_TRG_COM_TIM14_IRQHandler
                0x08003148                TIM1_UP_TIM10_IRQHandler
                0x08003148                TIM8_UP_TIM13_IRQHandler
                0x08003148                I2C3_ER_IRQHandler
                0x08003148                EXTI0_IRQHandler
                0x08003148                I2C2_EV_IRQHandler
                0x08003148                DMA1_Stream2_IRQHandler
                0x08003148                CAN1_RX0_IRQHandler
                0x08003148                FPU_IRQHandler
                0x08003148                OTG_HS_WKUP_IRQHandler
                0x08003148                CAN2_SCE_IRQHandler
                0x08003148                DMA2_Stream2_IRQHandler
                0x08003148                SPI1_IRQHandler
                0x08003148                TIM6_DAC_IRQHandler
                0x08003148                TIM1_BRK_TIM9_IRQHandler
                0x08003148                DCMI_IRQHandler
                0x08003148                CAN2_RX0_IRQHandler
                0x08003148                DMA2_Stream3_IRQHandler
                0x08003148                USART6_IRQHandler
                0x08003148                USART3_IRQHandler
                0x08003148                CAN1_RX1_IRQHandler
                0x08003148                UART5_IRQHandler
                0x08003148                DMA2_Stream0_IRQHandler
                0x08003148                TIM4_IRQHandler
                0x08003148                I2C1_EV_IRQHandler
                0x08003148                DMA1_Stream6_IRQHandler
                0x08003148                DMA1_Stream1_IRQHandler
                0x08003148                UART4_IRQHandler
                0x08003148                TIM3_IRQHandler
                0x08003148                RCC_IRQHandler
                0x08003148                TIM8_BRK_TIM12_IRQHandler
                0x08003148                Default_Handler
                0x08003148                EXTI15_10_IRQHandler
                0x08003148                ADC_IRQHandler
                0x08003148                DMA1_Stream7_IRQHandler
                0x08003148                TIM7_IRQHandler
                0x08003148                CAN2_TX_IRQHandler
                0x08003148                TIM5_IRQHandler
                0x08003148                DMA2_Stream7_IRQHandler
                0x08003148                I2C3_EV_IRQHandler
                0x08003148                EXTI9_5_IRQHandler
                0x08003148                RTC_WKUP_IRQHandler
                0x08003148                ETH_WKUP_IRQHandler
                0x08003148                SPI2_IRQHandler
                0x08003148                OTG_HS_EP1_IN_IRQHandler
                0x08003148                DMA1_Stream0_IRQHandler
                0x08003148                CAN1_TX_IRQHandler
                0x08003148                EXTI4_IRQHandler
                0x08003148                FSMC_IRQHandler
                0x08003148                ETH_IRQHandler
                0x08003148                OTG_HS_EP1_OUT_IRQHandler
                0x08003148                WWDG_IRQHandler
                0x08003148                TIM2_IRQHandler
                0x08003148                OTG_FS_WKUP_IRQHandler
                0x08003148                TIM1_TRG_COM_TIM11_IRQHandler
                0x08003148                OTG_HS_IRQHandler
                0x08003148                EXTI1_IRQHandler
                0x08003148                USART2_IRQHandler
                0x08003148                I2C2_ER_IRQHandler
                0x08003148                DMA2_Stream1_IRQHandler
                0x08003148                CAN1_SCE_IRQHandler
                0x08003148                FLASH_IRQHandler
                0x08003148                DMA2_Stream4_IRQHandler
                0x08003148                USART1_IRQHandler
                0x08003148                SPI3_IRQHandler
                0x08003148                DMA1_Stream4_IRQHandler
                0x08003148                I2C1_ER_IRQHandler
                0x08003148                DMA2_Stream6_IRQHandler
                0x08003148                DMA1_Stream3_IRQHandler
 *fill*         0x0800314a        0x2 
 .text.__libc_init_array
                0x0800314c       0x48 c:/program files (x86)/atollic/truestudio for stm32 9.1.0/armtools/bin/../lib/gcc/arm-atollic-eabi/6.3.1/../../../../arm-atollic-eabi/lib/armv7e-m/fpu\libc_nano.a(lib_a-init.o)
                0x0800314c                __libc_init_array
 .text.malloc   0x08003194       0x10 c:/program files (x86)/atollic/truestudio for stm32 9.1.0/armtools/bin/../lib/gcc/arm-atollic-eabi/6.3.1/../../../../arm-atollic-eabi/lib/armv7e-m/fpu\libc_nano.a(lib_a-malloc.o)
                0x08003194                malloc
 .text.free     0x080031a4       0x10 c:/program files (x86)/atollic/truestudio for stm32 9.1.0/armtools/bin/../lib/gcc/arm-atollic-eabi/6.3.1/../../../../arm-atollic-eabi/lib/armv7e-m/fpu\libc_nano.a(lib_a-malloc.o)
                0x080031a4                free
 .text._free_r  0x080031b4       0x9c c:/program files (x86)/atollic/truestudio for stm32 9.1.0/armtools/bin/../lib/gcc/arm-atollic-eabi/6.3.1/../../../../arm-atollic-eabi/lib/armv7e-m/fpu\libc_nano.a(lib_a-nano-freer.o)
                0x080031b4                _free_r
 .text._malloc_r
                0x08003250       0xbc c:/program files (x86)/atollic/truestudio for stm32 9.1.0/armtools/bin/../lib/gcc/arm-atollic-eabi/6.3.1/../../../../arm-atollic-eabi/lib/armv7e-m/fpu\libc_nano.a(lib_a-nano-mallocr.o)
                0x08003250                _malloc_r
 .text._sbrk_r  0x0800330c       0x20 c:/program files (x86)/atollic/truestudio for stm32 9.1.0/armtools/bin/../lib/gcc/arm-atollic-eabi/6.3.1/../../../../arm-atollic-eabi/lib/armv7e-m/fpu\libc_nano.a(lib_a-sbrkr.o)
                0x0800330c                _sbrk_r
 .text.__malloc_lock
                0x0800332c        0x2 c:/program files (x86)/atollic/truestudio for stm32 9.1.0/armtools/bin/../lib/gcc/arm-atollic-eabi/6.3.1/../../../../arm-atollic-eabi/lib/armv7e-m/fpu\libc_nano.a(lib_a-mlock.o)
                0x0800332c                __malloc_lock
 .text.__malloc_unlock
                0x0800332e        0x2 c:/program files (x86)/atollic/truestudio for stm32 9.1.0/armtools/bin/../lib/gcc/arm-atollic-eabi/6.3.1/../../../../arm-atollic-eabi/lib/armv7e-m/fpu\libc_nano.a(lib_a-mlock.o)
                0x0800332e                __malloc_unlock
 .text._sbrk    0x08003330       0x1c c:/program files (x86)/atollic/truestudio for stm32 9.1.0/armtools/bin/../lib/gcc/arm-atollic-eabi/6.3.1/../../../../arm-atollic-eabi/lib/armv7e-m/fpu\libnosys.a(sbrk.o)
                0x08003330                _sbrk
 *(.glue_7)
 .glue_7        0x0800334c        0x0 linker stubs
 *(.glue_7t)
 .glue_7t       0x0800334c        0x0 linker stubs
 *(.eh_frame)
 .eh_frame      0x0800334c        0x0 c:/program files (x86)/atollic/truestudio for stm32 9.1.0/armtools/bin/../lib/gcc/arm-atollic-eabi/6.3.1/armv7e-m/fpu/crtbegin.o
 *(.init)
 .init          0x0800334c        0x4 c:/program files (x86)/atollic/truestudio for stm32 9.1.0/armtools/bin/../lib/gcc/arm-atollic-eabi/6.3.1/armv7e-m/fpu/crti.o
                0x0800334c                _init
 .init          0x08003350        0x8 c:/program files (x86)/atollic/truestudio for stm32 9.1.0/armtools/bin/../lib/gcc/arm-atollic-eabi/6.3.1/armv7e-m/fpu/crtn.o
 *(.fini)
 .fini          0x08003358        0x4 c:/program files (x86)/atollic/truestudio for stm32 9.1.0/armtools/bin/../lib/gcc/arm-atollic-eabi/6.3.1/armv7e-m/fpu/crti.o
                0x08003358                _fini
 .fini          0x0800335c        0x8 c:/program files (x86)/atollic/truestudio for stm32 9.1.0/armtools/bin/../lib/gcc/arm-atollic-eabi/6.3.1/armv7e-m/fpu/crtn.o
                0x08003364                . = ALIGN (0x4)
                0x08003364                _etext = .

.vfp11_veneer   0x08003364        0x0
 .vfp11_veneer  0x08003364        0x0 linker stubs

.v4_bx          0x08003364        0x0
 .v4_bx         0x08003364        0x0 linker stubs

.iplt           0x08003364        0x0
 .iplt          0x08003364        0x0 c:/program files (x86)/atollic/truestudio for stm32 9.1.0/armtools/bin/../lib/gcc/arm-atollic-eabi/6.3.1/armv7e-m/fpu/crtbegin.o

.rodata         0x08003364       0x78
                0x08003364                . = ALIGN (0x4)
 *(.rodata)
 *(.rodata*)
 .rodata.AHBPrescTable
                0x08003364       0x10 Src\system_stm32f4xx.o
                0x08003364                AHBPrescTable
 .rodata.CSWTCH.39
                0x08003374        0x4 Src\usbd_conf.o
 .rodata.USBD_LL_Init.str1.1
                0x08003378       0x13 Src\usbd_conf.o
 .rodata.USBD_FS_ConfigStrDescriptor.str1.1
                0x0800338b        0xb Src\usbd_desc.o
 .rodata.USBD_FS_InterfaceStrDescriptor.str1.1
                0x08003396        0xe Src\usbd_desc.o
 .rodata.USBD_FS_ManufacturerStrDescriptor.str1.1
                0x080033a4       0x13 Src\usbd_desc.o
 .rodata.USBD_FS_ProductStrDescriptor.str1.1
                0x080033b7       0x16 Src\usbd_desc.o
 .rodata.USBD_FS_SerialStrDescriptor.str1.1
                0x080033cd        0xd Src\usbd_desc.o
                0x080033dc                . = ALIGN (0x4)
 *fill*         0x080033da        0x2 

.ARM.extab
 *(.ARM.extab* .gnu.linkonce.armextab.*)

.ARM            0x080033dc        0x8
                0x080033dc                __exidx_start = .
 *(.ARM.exidx*)
 .ARM.exidx     0x080033dc        0x8 c:/program files (x86)/atollic/truestudio for stm32 9.1.0/armtools/bin/../lib/gcc/arm-atollic-eabi/6.3.1/armv7e-m/fpu\libgcc.a(_udivmoddi4.o)
                0x080033e4                __exidx_end = .

.rel.dyn        0x080033e4        0x0
 .rel.iplt      0x080033e4        0x0 c:/program files (x86)/atollic/truestudio for stm32 9.1.0/armtools/bin/../lib/gcc/arm-atollic-eabi/6.3.1/armv7e-m/fpu/crtbegin.o

.preinit_array  0x080033e4        0x0
                0x080033e4                PROVIDE (__preinit_array_start, .)
 *(.preinit_array*)
                0x080033e4                PROVIDE (__preinit_array_end, .)

.init_array     0x080033e4        0x4
                0x080033e4                PROVIDE (__init_array_start, .)
 *(SORT(.init_array.*))
 *(.init_array*)
 .init_array    0x080033e4        0x4 c:/program files (x86)/atollic/truestudio for stm32 9.1.0/armtools/bin/../lib/gcc/arm-atollic-eabi/6.3.1/armv7e-m/fpu/crtbegin.o
                0x080033e8                PROVIDE (__init_array_end, .)

.fini_array     0x080033e8        0x4
                [!provide]                PROVIDE (__fini_array_start, .)
 *(SORT(.fini_array.*))
 *(.fini_array*)
 .fini_array    0x080033e8        0x4 c:/program files (x86)/atollic/truestudio for stm32 9.1.0/armtools/bin/../lib/gcc/arm-atollic-eabi/6.3.1/armv7e-m/fpu/crtbegin.o
                [!provide]                PROVIDE (__fini_array_end, .)
                0x080033ec                _sidata = LOADADDR (.data)

.data           0x20000000      0x1bc load address 0x080033ec
                0x20000000                . = ALIGN (0x4)
                0x20000000                _sdata = .
 *(.data)
 *(.data*)
 .data.USBD_CDC
                0x20000000       0x38 Middlewares\ST\STM32_USB_Device_Library\Class\CDC\Src\usbd_cdc.o
                0x20000000                USBD_CDC
 .data.USBD_CDC_CfgFSDesc
                0x20000038       0x43 Middlewares\ST\STM32_USB_Device_Library\Class\CDC\Src\usbd_cdc.o
                0x20000038                USBD_CDC_CfgFSDesc
 *fill*         0x2000007b        0x1 
 .data.USBD_CDC_CfgHSDesc
                0x2000007c       0x43 Middlewares\ST\STM32_USB_Device_Library\Class\CDC\Src\usbd_cdc.o
                0x2000007c                USBD_CDC_CfgHSDesc
 *fill*         0x200000bf        0x1 
 .data.USBD_CDC_DeviceQualifierDesc
                0x200000c0        0xa Middlewares\ST\STM32_USB_Device_Library\Class\CDC\Src\usbd_cdc.o
 *fill*         0x200000ca        0x2 
 .data.USBD_CDC_OtherSpeedCfgDesc
                0x200000cc       0x43 Middlewares\ST\STM32_USB_Device_Library\Class\CDC\Src\usbd_cdc.o
                0x200000cc                USBD_CDC_OtherSpeedCfgDesc
 *fill*         0x2000010f        0x1 
 .data.SystemCoreClock
                0x20000110        0x4 Src\system_stm32f4xx.o
                0x20000110                SystemCoreClock
 .data.USBD_Interface_fops_FS
                0x20000114       0x10 Src\usbd_cdc_if.o
                0x20000114                USBD_Interface_fops_FS
 .data.FS_Desc  0x20000124       0x1c Src\usbd_desc.o
                0x20000124                FS_Desc
 .data.USBD_FS_DeviceDesc
                0x20000140       0x12 Src\usbd_desc.o
                0x20000140                USBD_FS_DeviceDesc
 *fill*         0x20000152        0x2 
 .data.USBD_LangIDDesc
                0x20000154        0x4 Src\usbd_desc.o
                0x20000154                USBD_LangIDDesc
 .data._impure_ptr
                0x20000158        0x4 c:/program files (x86)/atollic/truestudio for stm32 9.1.0/armtools/bin/../lib/gcc/arm-atollic-eabi/6.3.1/../../../../arm-atollic-eabi/lib/armv7e-m/fpu\libc_nano.a(lib_a-impure.o)
                0x20000158                _impure_ptr
 .data.impure_data
                0x2000015c       0x60 c:/program files (x86)/atollic/truestudio for stm32 9.1.0/armtools/bin/../lib/gcc/arm-atollic-eabi/6.3.1/../../../../arm-atollic-eabi/lib/armv7e-m/fpu\libc_nano.a(lib_a-impure.o)
                0x200001bc                . = ALIGN (0x4)
                0x200001bc                _edata = .
                0x080035a8                _siccmram = LOADADDR (.ccmram)

.igot.plt       0x200001bc        0x0 load address 0x080035a8
 .igot.plt      0x200001bc        0x0 c:/program files (x86)/atollic/truestudio for stm32 9.1.0/armtools/bin/../lib/gcc/arm-atollic-eabi/6.3.1/armv7e-m/fpu/crtbegin.o

.ccmram         0x10000000        0x0 load address 0x080035a8
                0x10000000                . = ALIGN (0x4)
                0x10000000                _sccmram = .
 *(.ccmram)
 *(.ccmram*)
                0x10000000                . = ALIGN (0x4)
                0x10000000                _eccmram = .
                0x10000000                . = ALIGN (0x4)

.bss            0x200001bc     0x1894
                0x200001bc                _sbss = .
                0x200001bc                __bss_start__ = _sbss
 *(.bss)
 .bss           0x200001bc       0x1c c:/program files (x86)/atollic/truestudio for stm32 9.1.0/armtools/bin/../lib/gcc/arm-atollic-eabi/6.3.1/armv7e-m/fpu/crtbegin.o
 *(.bss*)
 .bss.ifalt.9468
                0x200001d8        0x1 Middlewares\ST\STM32_USB_Device_Library\Class\CDC\Src\usbd_cdc.o
 .bss.cfgidx.9473
                0x200001d9        0x1 Middlewares\ST\STM32_USB_Device_Library\Core\Src\usbd_ctlreq.o
 .bss.v_adc1_u16
                0x200001da        0x2 Src\main.o
                0x200001da                v_adc1_u16
 .bss.v_adc2_u16
                0x200001dc        0x2 Src\main.o
                0x200001dc                v_adc2_u16
 *fill*         0x200001de        0x2 
 .bss.__malloc_free_list
                0x200001e0        0x4 c:/program files (x86)/atollic/truestudio for stm32 9.1.0/armtools/bin/../lib/gcc/arm-atollic-eabi/6.3.1/../../../../arm-atollic-eabi/lib/armv7e-m/fpu\libc_nano.a(lib_a-nano-mallocr.o)
                0x200001e0                __malloc_free_list
 .bss.__malloc_sbrk_start
                0x200001e4        0x4 c:/program files (x86)/atollic/truestudio for stm32 9.1.0/armtools/bin/../lib/gcc/arm-atollic-eabi/6.3.1/../../../../arm-atollic-eabi/lib/armv7e-m/fpu\libc_nano.a(lib_a-nano-mallocr.o)
                0x200001e4                __malloc_sbrk_start
 .bss.heap_end.5239
                0x200001e8        0x4 c:/program files (x86)/atollic/truestudio for stm32 9.1.0/armtools/bin/../lib/gcc/arm-atollic-eabi/6.3.1/../../../../arm-atollic-eabi/lib/armv7e-m/fpu\libnosys.a(sbrk.o)
 *(COMMON)
 COMMON         0x200001ec        0x4 Drivers\STM32F4xx_HAL_Driver\Src\stm32f4xx_hal.o
                0x200001ec                uwTick
 COMMON         0x200001f0       0x48 Src\main.o
                0x200001f0                hadc1
 COMMON         0x20000238      0x224 Src\usb_device.o
                0x20000238                hUsbDeviceFS
 COMMON         0x2000045c     0x1000 Src\usbd_cdc_if.o
                0x2000045c                UserRxBufferFS
                0x20000c5c                UserTxBufferFS
 COMMON         0x2000145c      0x3f0 Src\usbd_conf.o
                0x2000145c                hpcd_USB_OTG_FS
 COMMON         0x2000184c      0x200 Src\usbd_desc.o
                0x2000184c                USBD_StrDesc
 COMMON         0x20001a4c        0x4 c:/program files (x86)/atollic/truestudio for stm32 9.1.0/armtools/bin/../lib/gcc/arm-atollic-eabi/6.3.1/../../../../arm-atollic-eabi/lib/armv7e-m/fpu\libc_nano.a(lib_a-reent.o)
                0x20001a4c                errno
                0x20001a50                . = ALIGN (0x4)
                0x20001a50                _ebss = .
                0x20001a50                __bss_end__ = _ebss

._user_heap_stack
                0x20001a50      0x600
                0x20001a50                . = ALIGN (0x4)
                0x20001a50                PROVIDE (end, .)
                [!provide]                PROVIDE (_end, .)
                0x20001c50                . = (. + _Min_Heap_Size)
 *fill*         0x20001a50      0x200 
                0x20002050                . = (. + _Min_Stack_Size)
 *fill*         0x20001c50      0x400 
                0x20002050                . = ALIGN (0x4)

/DISCARD/
 libc.a(*)
 libm.a(*)
 libgcc.a(*)

.ARM.attributes
                0x00000000       0x30
 *(.ARM.attributes)
 .ARM.attributes
                0x00000000       0x22 c:/program files (x86)/atollic/truestudio for stm32 9.1.0/armtools/bin/../lib/gcc/arm-atollic-eabi/6.3.1/armv7e-m/fpu/crti.o
 .ARM.attributes
                0x00000022       0x34 c:/program files (x86)/atollic/truestudio for stm32 9.1.0/armtools/bin/../lib/gcc/arm-atollic-eabi/6.3.1/armv7e-m/fpu/crtbegin.o
 .ARM.attributes
                0x00000056       0x39 Drivers\STM32F4xx_HAL_Driver\Src\stm32f4xx_hal.o
 .ARM.attributes
                0x0000008f       0x39 Drivers\STM32F4xx_HAL_Driver\Src\stm32f4xx_hal_adc.o
 .ARM.attributes
                0x000000c8       0x39 Drivers\STM32F4xx_HAL_Driver\Src\stm32f4xx_hal_cortex.o
 .ARM.attributes
                0x00000101       0x39 Drivers\STM32F4xx_HAL_Driver\Src\stm32f4xx_hal_gpio.o
 .ARM.attributes
                0x0000013a       0x39 Drivers\STM32F4xx_HAL_Driver\Src\stm32f4xx_hal_pcd.o
 .ARM.attributes
                0x00000173       0x39 Drivers\STM32F4xx_HAL_Driver\Src\stm32f4xx_hal_pcd_ex.o
 .ARM.attributes
                0x000001ac       0x39 Drivers\STM32F4xx_HAL_Driver\Src\stm32f4xx_hal_rcc.o
 .ARM.attributes
                0x000001e5       0x39 Drivers\STM32F4xx_HAL_Driver\Src\stm32f4xx_ll_usb.o
 .ARM.attributes
                0x0000021e       0x39 Middlewares\ST\STM32_USB_Device_Library\Class\CDC\Src\usbd_cdc.o
 .ARM.attributes
                0x00000257       0x39 Middlewares\ST\STM32_USB_Device_Library\Core\Src\usbd_core.o
 .ARM.attributes
                0x00000290       0x39 Middlewares\ST\STM32_USB_Device_Library\Core\Src\usbd_ctlreq.o
 .ARM.attributes
                0x000002c9       0x39 Middlewares\ST\STM32_USB_Device_Library\Core\Src\usbd_ioreq.o
 .ARM.attributes
                0x00000302       0x39 Src\main.o
 .ARM.attributes
                0x0000033b       0x39 Src\stm32f4xx_hal_msp.o
 .ARM.attributes
                0x00000374       0x39 Src\stm32f4xx_it.o
 .ARM.attributes
                0x000003ad       0x39 Src\system_stm32f4xx.o
 .ARM.attributes
                0x000003e6       0x39 Src\usb_device.o
 .ARM.attributes
                0x0000041f       0x39 Src\usbd_cdc_if.o
 .ARM.attributes
                0x00000458       0x39 Src\usbd_conf.o
 .ARM.attributes
                0x00000491       0x39 Src\usbd_desc.o
 .ARM.attributes
                0x000004ca       0x21 startup\startup_stm32f407xx.o
 .ARM.attributes
                0x000004eb       0x34 c:/program files (x86)/atollic/truestudio for stm32 9.1.0/armtools/bin/../lib/gcc/arm-atollic-eabi/6.3.1/../../../../arm-atollic-eabi/lib/armv7e-m/fpu\libc_nano.a(lib_a-init.o)
 .ARM.attributes
                0x0000051f       0x34 c:/program files (x86)/atollic/truestudio for stm32 9.1.0/armtools/bin/../lib/gcc/arm-atollic-eabi/6.3.1/../../../../arm-atollic-eabi/lib/armv7e-m/fpu\libc_nano.a(lib_a-malloc.o)
 .ARM.attributes
                0x00000553       0x34 c:/program files (x86)/atollic/truestudio for stm32 9.1.0/armtools/bin/../lib/gcc/arm-atollic-eabi/6.3.1/../../../../arm-atollic-eabi/lib/armv7e-m/fpu\libc_nano.a(lib_a-nano-freer.o)
 .ARM.attributes
                0x00000587       0x34 c:/program files (x86)/atollic/truestudio for stm32 9.1.0/armtools/bin/../lib/gcc/arm-atollic-eabi/6.3.1/../../../../arm-atollic-eabi/lib/armv7e-m/fpu\libc_nano.a(lib_a-nano-mallocr.o)
 .ARM.attributes
                0x000005bb       0x34 c:/program files (x86)/atollic/truestudio for stm32 9.1.0/armtools/bin/../lib/gcc/arm-atollic-eabi/6.3.1/../../../../arm-atollic-eabi/lib/armv7e-m/fpu\libc_nano.a(lib_a-sbrkr.o)
 .ARM.attributes
                0x000005ef       0x34 c:/program files (x86)/atollic/truestudio for stm32 9.1.0/armtools/bin/../lib/gcc/arm-atollic-eabi/6.3.1/../../../../arm-atollic-eabi/lib/armv7e-m/fpu\libc_nano.a(lib_a-impure.o)
 .ARM.attributes
                0x00000623       0x34 c:/program files (x86)/atollic/truestudio for stm32 9.1.0/armtools/bin/../lib/gcc/arm-atollic-eabi/6.3.1/../../../../arm-atollic-eabi/lib/armv7e-m/fpu\libc_nano.a(lib_a-mlock.o)
 .ARM.attributes
                0x00000657       0x34 c:/program files (x86)/atollic/truestudio for stm32 9.1.0/armtools/bin/../lib/gcc/arm-atollic-eabi/6.3.1/../../../../arm-atollic-eabi/lib/armv7e-m/fpu\libc_nano.a(lib_a-reent.o)
 .ARM.attributes
                0x0000068b       0x22 c:/program files (x86)/atollic/truestudio for stm32 9.1.0/armtools/bin/../lib/gcc/arm-atollic-eabi/6.3.1/armv7e-m/fpu\libgcc.a(_aeabi_uldivmod.o)
 .ARM.attributes
                0x000006ad       0x34 c:/program files (x86)/atollic/truestudio for stm32 9.1.0/armtools/bin/../lib/gcc/arm-atollic-eabi/6.3.1/armv7e-m/fpu\libgcc.a(_udivmoddi4.o)
 .ARM.attributes
                0x000006e1       0x22 c:/program files (x86)/atollic/truestudio for stm32 9.1.0/armtools/bin/../lib/gcc/arm-atollic-eabi/6.3.1/armv7e-m/fpu\libgcc.a(_dvmd_tls.o)
 .ARM.attributes
                0x00000703       0x34 c:/program files (x86)/atollic/truestudio for stm32 9.1.0/armtools/bin/../lib/gcc/arm-atollic-eabi/6.3.1/../../../../arm-atollic-eabi/lib/armv7e-m/fpu\libnosys.a(sbrk.o)
 .ARM.attributes
                0x00000737       0x22 c:/program files (x86)/atollic/truestudio for stm32 9.1.0/armtools/bin/../lib/gcc/arm-atollic-eabi/6.3.1/armv7e-m/fpu/crtn.o
OUTPUT(adc_multi.elf elf32-littlearm)

.debug_info     0x00000000    0x19282
 .debug_info    0x00000000     0x1100 Drivers\STM32F4xx_HAL_Driver\Src\stm32f4xx_hal.o
 .debug_info    0x00001100     0x15ad Drivers\STM32F4xx_HAL_Driver\Src\stm32f4xx_hal_adc.o
 .debug_info    0x000026ad     0x1744 Drivers\STM32F4xx_HAL_Driver\Src\stm32f4xx_hal_cortex.o
 .debug_info    0x00003df1      0xf88 Drivers\STM32F4xx_HAL_Driver\Src\stm32f4xx_hal_gpio.o
 .debug_info    0x00004d79     0x1c57 Drivers\STM32F4xx_HAL_Driver\Src\stm32f4xx_hal_pcd.o
 .debug_info    0x000069d0      0xdc5 Drivers\STM32F4xx_HAL_Driver\Src\stm32f4xx_hal_pcd_ex.o
 .debug_info    0x00007795     0x123c Drivers\STM32F4xx_HAL_Driver\Src\stm32f4xx_hal_rcc.o
 .debug_info    0x000089d1     0x1f59 Drivers\STM32F4xx_HAL_Driver\Src\stm32f4xx_ll_usb.o
 .debug_info    0x0000a92a     0x14f6 Middlewares\ST\STM32_USB_Device_Library\Class\CDC\Src\usbd_cdc.o
 .debug_info    0x0000be20     0x1466 Middlewares\ST\STM32_USB_Device_Library\Core\Src\usbd_core.o
 .debug_info    0x0000d286     0x1499 Middlewares\ST\STM32_USB_Device_Library\Core\Src\usbd_ctlreq.o
 .debug_info    0x0000e71f      0xfc5 Middlewares\ST\STM32_USB_Device_Library\Core\Src\usbd_ioreq.o
 .debug_info    0x0000f6e4     0x1c8a Src\main.o
 .debug_info    0x0001136e     0x1437 Src\stm32f4xx_hal_msp.o
 .debug_info    0x000127a5      0xde1 Src\stm32f4xx_it.o
 .debug_info    0x00013586      0xd1c Src\system_stm32f4xx.o
 .debug_info    0x000142a2      0xe80 Src\usb_device.o
 .debug_info    0x00015122     0x10ea Src\usbd_cdc_if.o
 .debug_info    0x0001620c     0x229d Src\usbd_conf.o
 .debug_info    0x000184a9      0xd77 Src\usbd_desc.o
 .debug_info    0x00019220       0x62 startup\startup_stm32f407xx.o

.debug_abbrev   0x00000000     0x375f
 .debug_abbrev  0x00000000      0x2cf Drivers\STM32F4xx_HAL_Driver\Src\stm32f4xx_hal.o
 .debug_abbrev  0x000002cf      0x321 Drivers\STM32F4xx_HAL_Driver\Src\stm32f4xx_hal_adc.o
 .debug_abbrev  0x000005f0      0x399 Drivers\STM32F4xx_HAL_Driver\Src\stm32f4xx_hal_cortex.o
 .debug_abbrev  0x00000989      0x268 Drivers\STM32F4xx_HAL_Driver\Src\stm32f4xx_hal_gpio.o
 .debug_abbrev  0x00000bf1      0x397 Drivers\STM32F4xx_HAL_Driver\Src\stm32f4xx_hal_pcd.o
 .debug_abbrev  0x00000f88      0x213 Drivers\STM32F4xx_HAL_Driver\Src\stm32f4xx_hal_pcd_ex.o
 .debug_abbrev  0x0000119b      0x348 Drivers\STM32F4xx_HAL_Driver\Src\stm32f4xx_hal_rcc.o
 .debug_abbrev  0x000014e3      0x380 Drivers\STM32F4xx_HAL_Driver\Src\stm32f4xx_ll_usb.o
 .debug_abbrev  0x00001863      0x2e8 Middlewares\ST\STM32_USB_Device_Library\Class\CDC\Src\usbd_cdc.o
 .debug_abbrev  0x00001b4b      0x308 Middlewares\ST\STM32_USB_Device_Library\Core\Src\usbd_core.o
 .debug_abbrev  0x00001e53      0x3aa Middlewares\ST\STM32_USB_Device_Library\Core\Src\usbd_ctlreq.o
 .debug_abbrev  0x000021fd      0x1da Middlewares\ST\STM32_USB_Device_Library\Core\Src\usbd_ioreq.o
 .debug_abbrev  0x000023d7      0x30b Src\main.o
 .debug_abbrev  0x000026e2      0x223 Src\stm32f4xx_hal_msp.o
 .debug_abbrev  0x00002905      0x23e Src\stm32f4xx_it.o
 .debug_abbrev  0x00002b43      0x1ca Src\system_stm32f4xx.o
 .debug_abbrev  0x00002d0d      0x1e0 Src\usb_device.o
 .debug_abbrev  0x00002eed      0x2db Src\usbd_cdc_if.o
 .debug_abbrev  0x000031c8      0x2e8 Src\usbd_conf.o
 .debug_abbrev  0x000034b0      0x29d Src\usbd_desc.o
 .debug_abbrev  0x0000374d       0x12 startup\startup_stm32f407xx.o

.debug_loc      0x00000000     0x59f1
 .debug_loc     0x00000000       0x69 Drivers\STM32F4xx_HAL_Driver\Src\stm32f4xx_hal.o
 .debug_loc     0x00000069      0x79c Drivers\STM32F4xx_HAL_Driver\Src\stm32f4xx_hal_adc.o
 .debug_loc     0x00000805      0x4fb Drivers\STM32F4xx_HAL_Driver\Src\stm32f4xx_hal_cortex.o
 .debug_loc     0x00000d00      0x3cd Drivers\STM32F4xx_HAL_Driver\Src\stm32f4xx_hal_gpio.o
 .debug_loc     0x000010cd      0xb60 Drivers\STM32F4xx_HAL_Driver\Src\stm32f4xx_hal_pcd.o
 .debug_loc     0x00001c2d      0x10a Drivers\STM32F4xx_HAL_Driver\Src\stm32f4xx_hal_pcd_ex.o
 .debug_loc     0x00001d37      0x2d3 Drivers\STM32F4xx_HAL_Driver\Src\stm32f4xx_hal_rcc.o
 .debug_loc     0x0000200a     0x1632 Drivers\STM32F4xx_HAL_Driver\Src\stm32f4xx_ll_usb.o
 .debug_loc     0x0000363c      0x4cf Middlewares\ST\STM32_USB_Device_Library\Class\CDC\Src\usbd_cdc.o
 .debug_loc     0x00003b0b      0x5f2 Middlewares\ST\STM32_USB_Device_Library\Core\Src\usbd_core.o
 .debug_loc     0x000040fd      0x7cd Middlewares\ST\STM32_USB_Device_Library\Core\Src\usbd_ctlreq.o
 .debug_loc     0x000048ca      0x23c Middlewares\ST\STM32_USB_Device_Library\Core\Src\usbd_ioreq.o
 .debug_loc     0x00004b06       0x53 Src\main.o
 .debug_loc     0x00004b59       0x4d Src\stm32f4xx_hal_msp.o
 .debug_loc     0x00004ba6      0x11c Src\system_stm32f4xx.o
 .debug_loc     0x00004cc2      0x161 Src\usbd_cdc_if.o
 .debug_loc     0x00004e23      0x95b Src\usbd_conf.o
 .debug_loc     0x0000577e      0x273 Src\usbd_desc.o

.debug_aranges  0x00000000      0x9e8
 .debug_aranges
                0x00000000       0xc0 Drivers\STM32F4xx_HAL_Driver\Src\stm32f4xx_hal.o
 .debug_aranges
                0x000000c0       0xb8 Drivers\STM32F4xx_HAL_Driver\Src\stm32f4xx_hal_adc.o
 .debug_aranges
                0x00000178       0xa8 Drivers\STM32F4xx_HAL_Driver\Src\stm32f4xx_hal_cortex.o
 .debug_aranges
                0x00000220       0x58 Drivers\STM32F4xx_HAL_Driver\Src\stm32f4xx_hal_gpio.o
 .debug_aranges
                0x00000278       0xc0 Drivers\STM32F4xx_HAL_Driver\Src\stm32f4xx_hal_pcd.o
 .debug_aranges
                0x00000338       0x28 Drivers\STM32F4xx_HAL_Driver\Src\stm32f4xx_hal_pcd_ex.o
 .debug_aranges
                0x00000360       0x88 Drivers\STM32F4xx_HAL_Driver\Src\stm32f4xx_hal_rcc.o
 .debug_aranges
                0x000003e8      0x178 Drivers\STM32F4xx_HAL_Driver\Src\stm32f4xx_ll_usb.o
 .debug_aranges
                0x00000560       0x90 Middlewares\ST\STM32_USB_Device_Library\Class\CDC\Src\usbd_cdc.o
 .debug_aranges
                0x000005f0       0xa8 Middlewares\ST\STM32_USB_Device_Library\Core\Src\usbd_core.o
 .debug_aranges
                0x00000698       0x50 Middlewares\ST\STM32_USB_Device_Library\Core\Src\usbd_ctlreq.o
 .debug_aranges
                0x000006e8       0x50 Middlewares\ST\STM32_USB_Device_Library\Core\Src\usbd_ioreq.o
 .debug_aranges
                0x00000738       0x38 Src\main.o
 .debug_aranges
                0x00000770       0x30 Src\stm32f4xx_hal_msp.o
 .debug_aranges
                0x000007a0       0x50 Src\stm32f4xx_it.o
 .debug_aranges
                0x000007f0       0x28 Src\system_stm32f4xx.o
 .debug_aranges
                0x00000818       0x20 Src\usb_device.o
 .debug_aranges
                0x00000838       0x40 Src\usbd_cdc_if.o
 .debug_aranges
                0x00000878       0xf8 Src\usbd_conf.o
 .debug_aranges
                0x00000970       0x50 Src\usbd_desc.o
 .debug_aranges
                0x000009c0       0x28 startup\startup_stm32f407xx.o

.debug_ranges   0x00000000      0xb40
 .debug_ranges  0x00000000       0xb0 Drivers\STM32F4xx_HAL_Driver\Src\stm32f4xx_hal.o
 .debug_ranges  0x000000b0       0xc8 Drivers\STM32F4xx_HAL_Driver\Src\stm32f4xx_hal_adc.o
 .debug_ranges  0x00000178      0x138 Drivers\STM32F4xx_HAL_Driver\Src\stm32f4xx_hal_cortex.o
 .debug_ranges  0x000002b0       0x68 Drivers\STM32F4xx_HAL_Driver\Src\stm32f4xx_hal_gpio.o
 .debug_ranges  0x00000318       0xc8 Drivers\STM32F4xx_HAL_Driver\Src\stm32f4xx_hal_pcd.o
 .debug_ranges  0x000003e0       0x18 Drivers\STM32F4xx_HAL_Driver\Src\stm32f4xx_hal_pcd_ex.o
 .debug_ranges  0x000003f8       0xc8 Drivers\STM32F4xx_HAL_Driver\Src\stm32f4xx_hal_rcc.o
 .debug_ranges  0x000004c0      0x180 Drivers\STM32F4xx_HAL_Driver\Src\stm32f4xx_ll_usb.o
 .debug_ranges  0x00000640       0x80 Middlewares\ST\STM32_USB_Device_Library\Class\CDC\Src\usbd_cdc.o
 .debug_ranges  0x000006c0       0x98 Middlewares\ST\STM32_USB_Device_Library\Core\Src\usbd_core.o
 .debug_ranges  0x00000758       0xc0 Middlewares\ST\STM32_USB_Device_Library\Core\Src\usbd_ctlreq.o
 .debug_ranges  0x00000818       0x40 Middlewares\ST\STM32_USB_Device_Library\Core\Src\usbd_ioreq.o
 .debug_ranges  0x00000858       0x98 Src\main.o
 .debug_ranges  0x000008f0       0x40 Src\stm32f4xx_hal_msp.o
 .debug_ranges  0x00000930       0x40 Src\stm32f4xx_it.o
 .debug_ranges  0x00000970       0x18 Src\system_stm32f4xx.o
 .debug_ranges  0x00000988       0x10 Src\usb_device.o
 .debug_ranges  0x00000998       0x48 Src\usbd_cdc_if.o
 .debug_ranges  0x000009e0      0x100 Src\usbd_conf.o
 .debug_ranges  0x00000ae0       0x40 Src\usbd_desc.o
 .debug_ranges  0x00000b20       0x20 startup\startup_stm32f407xx.o

.debug_line     0x00000000     0x5df1
 .debug_line    0x00000000      0x43b Drivers\STM32F4xx_HAL_Driver\Src\stm32f4xx_hal.o
 .debug_line    0x0000043b      0x758 Drivers\STM32F4xx_HAL_Driver\Src\stm32f4xx_hal_adc.o
 .debug_line    0x00000b93      0x4dc Drivers\STM32F4xx_HAL_Driver\Src\stm32f4xx_hal_cortex.o
 .debug_line    0x0000106f      0x47a Drivers\STM32F4xx_HAL_Driver\Src\stm32f4xx_hal_gpio.o
 .debug_line    0x000014e9      0x74a Drivers\STM32F4xx_HAL_Driver\Src\stm32f4xx_hal_pcd.o
 .debug_line    0x00001c33      0x2ff Drivers\STM32F4xx_HAL_Driver\Src\stm32f4xx_hal_pcd_ex.o
 .debug_line    0x00001f32      0x57f Drivers\STM32F4xx_HAL_Driver\Src\stm32f4xx_hal_rcc.o
 .debug_line    0x000024b1      0x8eb Drivers\STM32F4xx_HAL_Driver\Src\stm32f4xx_ll_usb.o
 .debug_line    0x00002d9c      0x4fb Middlewares\ST\STM32_USB_Device_Library\Class\CDC\Src\usbd_cdc.o
 .debug_line    0x00003297      0x4f4 Middlewares\ST\STM32_USB_Device_Library\Core\Src\usbd_core.o
 .debug_line    0x0000378b      0x474 Middlewares\ST\STM32_USB_Device_Library\Core\Src\usbd_ctlreq.o
 .debug_line    0x00003bff      0x38a Middlewares\ST\STM32_USB_Device_Library\Core\Src\usbd_ioreq.o
 .debug_line    0x00003f89      0x4c1 Src\main.o
 .debug_line    0x0000444a      0x31e Src\stm32f4xx_hal_msp.o
 .debug_line    0x00004768      0x337 Src\stm32f4xx_it.o
 .debug_line    0x00004a9f      0x275 Src\system_stm32f4xx.o
 .debug_line    0x00004d14      0x366 Src\usb_device.o
 .debug_line    0x0000507a      0x38a Src\usbd_cdc_if.o
 .debug_line    0x00005404      0x606 Src\usbd_conf.o
 .debug_line    0x00005a0a      0x368 Src\usbd_desc.o
 .debug_line    0x00005d72       0x7f startup\startup_stm32f407xx.o

.debug_str      0x00000000     0x3939
 .debug_str     0x00000000      0xe54 Drivers\STM32F4xx_HAL_Driver\Src\stm32f4xx_hal.o
                                0xeee (size before relaxing)
 .debug_str     0x00000e54      0x6c2 Drivers\STM32F4xx_HAL_Driver\Src\stm32f4xx_hal_adc.o
                                0xda4 (size before relaxing)
 .debug_str     0x00001516      0x3c3 Drivers\STM32F4xx_HAL_Driver\Src\stm32f4xx_hal_cortex.o
                               0x107b (size before relaxing)
 .debug_str     0x000018d9      0x1cd Drivers\STM32F4xx_HAL_Driver\Src\stm32f4xx_hal_gpio.o
                                0x951 (size before relaxing)
 .debug_str     0x00001aa6      0x993 Drivers\STM32F4xx_HAL_Driver\Src\stm32f4xx_hal_pcd.o
                               0x1059 (size before relaxing)
 .debug_str     0x00002439       0x72 Drivers\STM32F4xx_HAL_Driver\Src\stm32f4xx_hal_pcd_ex.o
                                0x9dd (size before relaxing)
 .debug_str     0x000024ab      0x2bc Drivers\STM32F4xx_HAL_Driver\Src\stm32f4xx_hal_rcc.o
                                0xb0b (size before relaxing)
 .debug_str     0x00002767      0x3c4 Drivers\STM32F4xx_HAL_Driver\Src\stm32f4xx_ll_usb.o
                               0x1001 (size before relaxing)
 .debug_str     0x00002b2b      0x623 Middlewares\ST\STM32_USB_Device_Library\Class\CDC\Src\usbd_cdc.o
                                0xd22 (size before relaxing)
 .debug_str     0x0000314e      0x2a0 Middlewares\ST\STM32_USB_Device_Library\Core\Src\usbd_core.o
                                0xcac (size before relaxing)
 .debug_str     0x000033ee      0x125 Middlewares\ST\STM32_USB_Device_Library\Core\Src\usbd_ctlreq.o
                                0xbc6 (size before relaxing)
 .debug_str     0x00003513       0x51 Middlewares\ST\STM32_USB_Device_Library\Core\Src\usbd_ioreq.o
                                0xaf3 (size before relaxing)
 .debug_str     0x00003564       0xb3 Src\main.o
                               0x172d (size before relaxing)
 .debug_str     0x00003617       0x1b Src\stm32f4xx_hal_msp.o
                               0x10cd (size before relaxing)
 .debug_str     0x00003632       0xc8 Src\stm32f4xx_it.o
                                0xa27 (size before relaxing)
 .debug_str     0x000036fa       0x45 Src\system_stm32f4xx.o
                                0x7b5 (size before relaxing)
 .debug_str     0x0000373f       0x2b Src\usb_device.o
                                0xa8c (size before relaxing)
 .debug_str     0x0000376a       0x7b Src\usbd_cdc_if.o
                                0xb86 (size before relaxing)
 .debug_str     0x000037e5       0x46 Src\usbd_conf.o
                               0x18e3 (size before relaxing)
 .debug_str     0x0000382b      0x10e Src\usbd_desc.o
                                0x867 (size before relaxing)

.comment        0x00000000       0x7c
 .comment       0x00000000       0x7c Drivers\STM32F4xx_HAL_Driver\Src\stm32f4xx_hal.o
                                 0x7d (size before relaxing)
 .comment       0x0000007c       0x7d Drivers\STM32F4xx_HAL_Driver\Src\stm32f4xx_hal_adc.o
 .comment       0x0000007c       0x7d Drivers\STM32F4xx_HAL_Driver\Src\stm32f4xx_hal_cortex.o
 .comment       0x0000007c       0x7d Drivers\STM32F4xx_HAL_Driver\Src\stm32f4xx_hal_gpio.o
 .comment       0x0000007c       0x7d Drivers\STM32F4xx_HAL_Driver\Src\stm32f4xx_hal_pcd.o
 .comment       0x0000007c       0x7d Drivers\STM32F4xx_HAL_Driver\Src\stm32f4xx_hal_pcd_ex.o
 .comment       0x0000007c       0x7d Drivers\STM32F4xx_HAL_Driver\Src\stm32f4xx_hal_rcc.o
 .comment       0x0000007c       0x7d Drivers\STM32F4xx_HAL_Driver\Src\stm32f4xx_ll_usb.o
 .comment       0x0000007c       0x7d Middlewares\ST\STM32_USB_Device_Library\Class\CDC\Src\usbd_cdc.o
 .comment       0x0000007c       0x7d Middlewares\ST\STM32_USB_Device_Library\Core\Src\usbd_core.o
 .comment       0x0000007c       0x7d Middlewares\ST\STM32_USB_Device_Library\Core\Src\usbd_ctlreq.o
 .comment       0x0000007c       0x7d Middlewares\ST\STM32_USB_Device_Library\Core\Src\usbd_ioreq.o
 .comment       0x0000007c       0x7d Src\main.o
 .comment       0x0000007c       0x7d Src\stm32f4xx_hal_msp.o
 .comment       0x0000007c       0x7d Src\stm32f4xx_it.o
 .comment       0x0000007c       0x7d Src\system_stm32f4xx.o
 .comment       0x0000007c       0x7d Src\usb_device.o
 .comment       0x0000007c       0x7d Src\usbd_cdc_if.o
 .comment       0x0000007c       0x7d Src\usbd_conf.o
 .comment       0x0000007c       0x7d Src\usbd_desc.o

.debug_frame    0x00000000     0x1ab0
 .debug_frame   0x00000000      0x194 Drivers\STM32F4xx_HAL_Driver\Src\stm32f4xx_hal.o
 .debug_frame   0x00000194      0x244 Drivers\STM32F4xx_HAL_Driver\Src\stm32f4xx_hal_adc.o
 .debug_frame   0x000003d8      0x158 Drivers\STM32F4xx_HAL_Driver\Src\stm32f4xx_hal_cortex.o
 .debug_frame   0x00000530       0xd8 Drivers\STM32F4xx_HAL_Driver\Src\stm32f4xx_hal_gpio.o
 .debug_frame   0x00000608      0x2c4 Drivers\STM32F4xx_HAL_Driver\Src\stm32f4xx_hal_pcd.o
 .debug_frame   0x000008cc       0x3c Drivers\STM32F4xx_HAL_Driver\Src\stm32f4xx_hal_pcd_ex.o
 .debug_frame   0x00000908      0x138 Drivers\STM32F4xx_HAL_Driver\Src\stm32f4xx_hal_rcc.o
 .debug_frame   0x00000a40      0x468 Drivers\STM32F4xx_HAL_Driver\Src\stm32f4xx_ll_usb.o
 .debug_frame   0x00000ea8      0x14c Middlewares\ST\STM32_USB_Device_Library\Class\CDC\Src\usbd_cdc.o
 .debug_frame   0x00000ff4      0x1c0 Middlewares\ST\STM32_USB_Device_Library\Core\Src\usbd_core.o
 .debug_frame   0x000011b4       0xcc Middlewares\ST\STM32_USB_Device_Library\Core\Src\usbd_ctlreq.o
 .debug_frame   0x00001280       0xb8 Middlewares\ST\STM32_USB_Device_Library\Core\Src\usbd_ioreq.o
 .debug_frame   0x00001338       0x74 Src\main.o
 .debug_frame   0x000013ac       0x54 Src\stm32f4xx_hal_msp.o
 .debug_frame   0x00001400       0xbc Src\stm32f4xx_it.o
 .debug_frame   0x000014bc       0x38 Src\system_stm32f4xx.o
 .debug_frame   0x000014f4       0x2c Src\usb_device.o
 .debug_frame   0x00001520       0x84 Src\usbd_cdc_if.o
 .debug_frame   0x000015a4      0x26c Src\usbd_conf.o
 .debug_frame   0x00001810       0xa8 Src\usbd_desc.o
 .debug_frame   0x000018b8       0x2c c:/program files (x86)/atollic/truestudio for stm32 9.1.0/armtools/bin/../lib/gcc/arm-atollic-eabi/6.3.1/../../../../arm-atollic-eabi/lib/armv7e-m/fpu\libc_nano.a(lib_a-init.o)
 .debug_frame   0x000018e4       0x30 c:/program files (x86)/atollic/truestudio for stm32 9.1.0/armtools/bin/../lib/gcc/arm-atollic-eabi/6.3.1/../../../../arm-atollic-eabi/lib/armv7e-m/fpu\libc_nano.a(lib_a-malloc.o)
 .debug_frame   0x00001914       0x38 c:/program files (x86)/atollic/truestudio for stm32 9.1.0/armtools/bin/../lib/gcc/arm-atollic-eabi/6.3.1/../../../../arm-atollic-eabi/lib/armv7e-m/fpu\libc_nano.a(lib_a-nano-freer.o)
 .debug_frame   0x0000194c       0x2c c:/program files (x86)/atollic/truestudio for stm32 9.1.0/armtools/bin/../lib/gcc/arm-atollic-eabi/6.3.1/../../../../arm-atollic-eabi/lib/armv7e-m/fpu\libc_nano.a(lib_a-nano-mallocr.o)
 .debug_frame   0x00001978       0x2c c:/program files (x86)/atollic/truestudio for stm32 9.1.0/armtools/bin/../lib/gcc/arm-atollic-eabi/6.3.1/../../../../arm-atollic-eabi/lib/armv7e-m/fpu\libc_nano.a(lib_a-sbrkr.o)
 .debug_frame   0x000019a4       0x30 c:/program files (x86)/atollic/truestudio for stm32 9.1.0/armtools/bin/../lib/gcc/arm-atollic-eabi/6.3.1/../../../../arm-atollic-eabi/lib/armv7e-m/fpu\libc_nano.a(lib_a-mlock.o)
 .debug_frame   0x000019d4       0x5c c:/program files (x86)/atollic/truestudio for stm32 9.1.0/armtools/bin/../lib/gcc/arm-atollic-eabi/6.3.1/../../../../arm-atollic-eabi/lib/armv7e-m/fpu\libc_nano.a(lib_a-reent.o)
 .debug_frame   0x00001a30       0x2c c:/program files (x86)/atollic/truestudio for stm32 9.1.0/armtools/bin/../lib/gcc/arm-atollic-eabi/6.3.1/armv7e-m/fpu\libgcc.a(_aeabi_uldivmod.o)
 .debug_frame   0x00001a5c       0x34 c:/program files (x86)/atollic/truestudio for stm32 9.1.0/armtools/bin/../lib/gcc/arm-atollic-eabi/6.3.1/armv7e-m/fpu\libgcc.a(_udivmoddi4.o)
 .debug_frame   0x00001a90       0x20 c:/program files (x86)/atollic/truestudio for stm32 9.1.0/armtools/bin/../lib/gcc/arm-atollic-eabi/6.3.1/../../../../arm-atollic-eabi/lib/armv7e-m/fpu\libnosys.a(sbrk.o)
